2026-04-25 16:30:00,108 - INFO: Analisi predittiva completata per Performance Vendite. Asset critici: 0
2026-05-07 12:26:51,676 - INFO: \U0001f6e1\ufe0f Database RGD-Alpha (SECURE MODE) pronto: data/db\azienda.db
2026-05-07 12:32:30,117 - INFO: \U0001f6e1\ufe0f Database RGD-Alpha (SECURE MODE) pronto: data/db\azienda.db
2026-05-07 12:32:38,085 - INFO: \U0001f6e1\ufe0f Database RGD-Alpha (SECURE MODE) pronto: data/db\azienda.db
2026-05-07 12:33:15,810 - INFO: \U0001f6e1\ufe0f Database RGD-Alpha (SECURE MODE) pronto: data/db\azienda.db
2026-05-07 12:33:18,830 - INFO: \U0001f6e1\ufe0f Database RGD-Alpha (SECURE MODE) pronto: data/db\azienda.db
2026-05-07 12:33:22,438 - INFO: \U0001f6e1\ufe0f Database RGD-Alpha (SECURE MODE) pronto: data/db\azienda.db
2026-05-07 12:33:38,615 - INFO: \U0001f6e1\ufe0f Database RGD-Alpha (SECURE MODE) pronto: data/db\azienda.db
2026-05-07 12:33:40,937 - INFO: \U0001f6e1\ufe0f Database RGD-Alpha (SECURE MODE) pronto: data/db\azienda.db
2026-05-07 12:33:44,345 - INFO: \U0001f6e1\ufe0f Database RGD-Alpha (SECURE MODE) pronto: data/db\azienda.db
2026-05-07 12:36:52,072 - INFO: \U0001f6e1\ufe0f Database RGD-Alpha (SECURE MODE) pronto: data/db\azienda.db
2026-05-07 12:46:05,681 - INFO: \U0001f6e1\ufe0f Database RGD-Alpha (SECURE MODE) pronto: data/db\azienda.db
2026-05-07 12:46:05,753 - INFO: \U0001f6e1\ufe0f Database RGD-Alpha (SECURE MODE) pronto: data/db\azienda.db
2026-05-07 12:58:51,458 - INFO: \U0001f6e1\ufe0f Database RGD-Alpha (SECURE MODE) pronto: data/db\azienda.db
2026-05-07 12:59:14,121 - INFO: \U0001f6e1\ufe0f Database RGD-Alpha (SECURE MODE) pronto: data/db\azienda.db
2026-05-07 12:59:24,255 - INFO: \U0001f6e1\ufe0f Database RGD-Alpha (SECURE MODE) pronto: data/db\azienda.db
2026-05-07 12:59:33,986 - INFO: \U0001f6e1\ufe0f Database RGD-Alpha (SECURE MODE) pronto: data/db\azienda.db
2026-05-07 12:59:37,607 - INFO: \U0001f6e1\ufe0f Database RGD-Alpha (SECURE MODE) pronto: data/db\azienda.db
2026-05-07 12:59:48,791 - INFO: \U0001f6e1\ufe0f Database RGD-Alpha (SECURE MODE) pronto: data/db\azienda.db
2026-05-07 12:59:50,376 - INFO: \U0001f6e1\ufe0f Database RGD-Alpha (SECURE MODE) pronto: data/db\azienda.db
2026-05-07 13:00:01,214 - INFO: \U0001f6e1\ufe0f Database RGD-Alpha (SECURE MODE) pronto: data/db\azienda.db
2026-05-07 13:00:01,286 - INFO: \U0001f6e1\ufe0f Database RGD-Alpha (SECURE MODE) pronto: data/db\azienda.db
2026-05-07 13:03:51,553 - INFO: \U0001f6e1\ufe0f Database RGD-Alpha (SECURE MODE) pronto: data/db\azienda.db
2026-05-07 13:04:03,273 - INFO: \U0001f6e1\ufe0f Database RGD-Alpha (SECURE MODE) pronto: data/db\azienda.db
2026-05-07 13:04:03,341 - INFO: \U0001f6e1\ufe0f Database RGD-Alpha (SECURE MODE) pronto: data/db\azienda.db
2026-05-07 13:05:49,445 - INFO: \U0001f6e1\ufe0f Database RGD-Alpha (SECURE MODE) pronto: data/db\azienda.db
2026-05-07 13:06:01,058 - INFO: \U0001f6e1\ufe0f Database RGD-Alpha (SECURE MODE) pronto: data/db\azienda.db
2026-05-07 13:06:01,126 - INFO: \U0001f6e1\ufe0f Database RGD-Alpha (SECURE MODE) pronto: data/db\azienda.db
2026-05-07 13:06:19,901 - INFO: \U0001f6e1\ufe0f Database RGD-Alpha (SECURE MODE) pronto: data/db\azienda.db
2026-05-07 13:06:26,064 - INFO: \U0001f6e1\ufe0f Database RGD-Alpha (SECURE MODE) pronto: data/db\azienda.db
2026-05-07 13:07:05,895 - INFO: \U0001f6e1\ufe0f Database RGD-Alpha (SECURE MODE) pronto: data/db\azienda.db
2026-05-07 13:07:07,355 - INFO: \U0001f6e1\ufe0f Database RGD-Alpha (SECURE MODE) pronto: data/db\azienda.db
2026-05-07 13:07:09,921 - INFO: \U0001f6e1\ufe0f Database RGD-Alpha (SECURE MODE) pronto: data/db\azienda.db
2026-05-07 13:07:18,234 - INFO: \U0001f6e1\ufe0f Database RGD-Alpha (SECURE MODE) pronto: data/db\azienda.db
2026-05-07 13:07:33,341 - INFO: \U0001f6e1\ufe0f Database RGD-Alpha (SECURE MODE) pronto: data/db\azienda.db
2026-05-07 13:07:44,069 - INFO: \U0001f6e1\ufe0f Database RGD-Alpha (SECURE MODE) pronto: data/db\azienda.db
2026-05-07 13:07:46,146 - INFO: \U0001f6e1\ufe0f Database RGD-Alpha (SECURE MODE) pronto: data/db\azienda.db
2026-05-07 13:07:53,244 - INFO: \U0001f6e1\ufe0f Database RGD-Alpha (SECURE MODE) pronto: data/db\azienda.db
2026-05-07 13:07:54,523 - INFO: \U0001f6e1\ufe0f Database RGD-Alpha (SECURE MODE) pronto: data/db\azienda.db
2026-05-07 13:07:56,128 - INFO: \U0001f6e1\ufe0f Database RGD-Alpha (SECURE MODE) pronto: data/db\azienda.db
2026-05-07 13:08:01,175 - INFO: \U0001f6e1\ufe0f Database RGD-Alpha (SECURE MODE) pronto: data/db\azienda.db
2026-05-07 13:15:32,854 - INFO: \U0001f6e1\ufe0f Database RGD-Alpha (SECURE MODE) pronto: data/db\azienda.db
2026-05-07 13:15:37,154 - INFO: \U0001f6e1\ufe0f Database RGD-Alpha (SECURE MODE) pronto: data/db\azienda.db
2026-05-07 13:15:45,813 - INFO: \U0001f6e1\ufe0f Database RGD-Alpha (SECURE MODE) pronto: data/db\azienda.db
2026-05-07 13:15:45,866 - INFO: \U0001f6e1\ufe0f Database RGD-Alpha (SECURE MODE) pronto: data/db\azienda.db
2026-05-07 13:16:15,694 - INFO: \U0001f6e1\ufe0f Database RGD-Alpha (SECURE MODE) pronto: data/db\azienda.db
2026-05-07 13:16:15,750 - INFO: \U0001f6e1\ufe0f Database RGD-Alpha (SECURE MODE) pronto: data/db\azienda.db
2026-05-07 13:16:28,427 - INFO: \U0001f6e1\ufe0f Database RGD-Alpha (SECURE MODE) pronto: data/db\azienda.db
2026-05-07 13:16:28,484 - INFO: \U0001f6e1\ufe0f Database RGD-Alpha (SECURE MODE) pronto: data/db\azienda.db
2026-05-07 13:16:42,298 - INFO: \U0001f6e1\ufe0f Database RGD-Alpha (SECURE MODE) pronto: data/db\azienda.db
2026-05-07 13:16:48,523 - INFO: \U0001f6e1\ufe0f Database RGD-Alpha (SECURE MODE) pronto: data/db\azienda.db
2026-05-07 15:47:31,402 - INFO: \U0001f6e1\ufe0f Database RGD-Alpha (SECURE MODE) pronto: data/db\azienda.db
2026-05-07 15:47:55,531 - INFO: \U0001f6e1\ufe0f Database RGD-Alpha (SECURE MODE) pronto: data/db\azienda.db
2026-05-07 15:47:55,588 - INFO: \U0001f6e1\ufe0f Database RGD-Alpha (SECURE MODE) pronto: data/db\azienda.db
2026-05-07 15:47:55,605 - INFO: \U0001f6e1\ufe0f Database RGD-Alpha (SECURE MODE) pronto: data/db\azienda.db
2026-05-07 15:48:14,840 - INFO: \U0001f6e1\ufe0f Database RGD-Alpha (SECURE MODE) pronto: data/db\azienda.db
2026-05-07 15:48:15,157 - INFO: \U0001f6e1\ufe0f Database RGD-Alpha (SECURE MODE) pronto: data/db\azienda.db
2026-05-07 15:48:15,216 - INFO: \U0001f6e1\ufe0f Database RGD-Alpha (SECURE MODE) pronto: data/db\azienda.db
2026-05-07 15:48:15,230 - INFO: \U0001f6e1\ufe0f Database RGD-Alpha (SECURE MODE) pronto: data/db\azienda.db
2026-05-07 16:04:32,188 - INFO: \U0001f6e1\ufe0f Database RGD-Alpha (SECURE MODE) pronto: data/db\azienda.db
2026-05-07 16:04:43,863 - INFO: \U0001f6e1\ufe0f Database RGD-Alpha (SECURE MODE) pronto: data/db\azienda.db
2026-05-07 16:05:46,288 - INFO: \U0001f6e1\ufe0f Database RGD-Alpha (SECURE MODE) pronto: data/db\azienda.db
2026-05-07 16:05:46,346 - INFO: \U0001f6e1\ufe0f Database RGD-Alpha (SECURE MODE) pronto: data/db\azienda.db
2026-05-07 16:05:46,364 - INFO: \U0001f6e1\ufe0f Database RGD-Alpha (SECURE MODE) pronto: data/db\azienda.db
2026-05-07 16:24:21,205 - INFO: \U0001f6e1\ufe0f Database RGD-Alpha (SECURE MODE) pronto: data/db\azienda.db
2026-05-07 16:24:37,677 - INFO: \U0001f6e1\ufe0f Database RGD-Alpha (SECURE MODE) pronto: data/db\azienda.db
2026-05-07 16:24:37,735 - INFO: \U0001f6e1\ufe0f Database RGD-Alpha (SECURE MODE) pronto: data/db\azienda.db
2026-05-07 16:24:37,749 - INFO: \U0001f6e1\ufe0f Database RGD-Alpha (SECURE MODE) pronto: data/db\azienda.db
2026-05-07 16:24:37,750 - WARNING: Archiviazione fallita per asset Batterie Litio Industrial: DatabaseAziendale.salva_asset() got an unexpected keyword argument 'company_id'
2026-05-07 16:24:37,750 - WARNING: Archiviazione fallita per asset Valvole Pressione Inox: DatabaseAziendale.salva_asset() got an unexpected keyword argument 'company_id'
2026-05-07 16:24:37,750 - WARNING: Archiviazione fallita per asset Licenze Server Cloud: DatabaseAziendale.salva_asset() got an unexpected keyword argument 'company_id'
2026-05-07 16:24:37,750 - WARNING: Archiviazione fallita per asset Alluminio Grezzo (Ton): DatabaseAziendale.salva_asset() got an unexpected keyword argument 'company_id'
2026-05-07 16:24:37,751 - INFO: Scan UNIVERSAL completato. Generati 2 alert.
2026-05-07 16:31:28,916 - INFO: \U0001f6e1\ufe0f Database RGD-Alpha (SECURE MODE) pronto: data/db\azienda.db
2026-05-07 16:31:29,249 - INFO: \U0001f6e1\ufe0f Database RGD-Alpha (SECURE MODE) pronto: data/db\azienda.db
2026-05-07 16:31:29,308 - INFO: \U0001f6e1\ufe0f Database RGD-Alpha (SECURE MODE) pronto: data/db\azienda.db
2026-05-07 16:31:29,324 - INFO: \U0001f6e1\ufe0f Database RGD-Alpha (SECURE MODE) pronto: data/db\azienda.db
2026-05-07 16:31:29,324 - WARNING: Archiviazione fallita per asset Bolletta Maggio: DatabaseAziendale.salva_asset() got an unexpected keyword argument 'company_id'
2026-05-07 16:31:29,325 - WARNING: Archiviazione fallita per asset F24 IVA: DatabaseAziendale.salva_asset() got an unexpected keyword argument 'company_id'
2026-05-07 16:31:29,325 - WARNING: Archiviazione fallita per asset Spese Spedizione: DatabaseAziendale.salva_asset() got an unexpected keyword argument 'company_id'
2026-05-07 16:31:29,325 - WARNING: Archiviazione fallita per asset Sviluppo Moduli: DatabaseAziendale.salva_asset() got an unexpected keyword argument 'company_id'
2026-05-07 16:31:29,326 - INFO: Scan UNIVERSAL completato. Generati 1 alert.
